=== Spot CSVs already exist, loading from disk ===
BTC spot loaded: 43288 rows
ETH spot loaded: 43289 rows
=== BTC futures 4H ===
  BTCUSDT 2020-01 OK(186)
  BTCUSDT 2020-02 OK(174)
  BTCUSDT 2020-03 OK(186)
  BTCUSDT 2020-04 OK(180)
  BTCUSDT 2020-05 OK(186)
  BTCUSDT 2020-06 OK(180)
  BTCUSDT 2020-07 OK(186)
  BTCUSDT 2020-08 OK(186)
  BTCUSDT 2020-09 OK(180)
  BTCUSDT 2020-10 OK(186)
  BTCUSDT 2020-11 OK(180)
  BTCUSDT 2020-12 OK(186)
  BTCUSDT 2021-01 OK(186)
  BTCUSDT 2021-02 OK(168)
  BTCUSDT 2021-03 OK(186)
  BTCUSDT 2021-04 OK(180)
  BTCUSDT 2021-05 OK(186)
  BTCUSDT 2021-06 OK(180)
  BTCUSDT 2021-07 OK(186)
  BTCUSDT 2021-08 OK(186)
  BTCUSDT 2021-09 OK(180)
  BTCUSDT 2021-10 OK(186)
  BTCUSDT 2021-11 OK(180)
  BTCUSDT 2021-12 OK(186)
  BTCUSDT 2022-01 OK(186)
  BTCUSDT 2022-02 OK(168)
  BTCUSDT 2022-03 OK(186)
  BTCUSDT 2022-04 OK(180)
  BTCUSDT 2022-05 OK(186)
  BTCUSDT 2022-06 OK(180)
  BTCUSDT 2022-07 OK(186)
  BTCUSDT 2022-08 OK(186)
  BTCUSDT 2022-09 OK(180)
  BTCUSDT 2022-10 OK(186)
  BTCUSDT 2022-11 OK(180)
  BTCUSDT 2022-12 OK(186)
  BTCUSDT 2023-01 OK(186)
  BTCUSDT 2023-02 OK(168)
  BTCUSDT 2023-03 OK(186)
  BTCUSDT 2023-04 OK(180)
  BTCUSDT 2023-05 OK(186)
  BTCUSDT 2023-06 OK(180)
  BTCUSDT 2023-07 OK(186)
  BTCUSDT 2023-08 OK(186)
  BTCUSDT 2023-09 OK(180)
  BTCUSDT 2023-10 OK(186)
  BTCUSDT 2023-11 OK(180)
  BTCUSDT 2023-12 OK(186)
  BTCUSDT 2024-01 OK(186)
  BTCUSDT 2024-02 OK(174)
  BTCUSDT 2024-03 OK(186)
  BTCUSDT 2024-04 OK(180)
  BTCUSDT 2024-05 OK(186)
  BTCUSDT 2024-06 OK(180)
  BTCUSDT 2024-07 OK(186)
  BTCUSDT 2024-08 OK(186)
  BTCUSDT 2024-09 OK(180)
  BTCUSDT 2024-10 OK(186)
  BTCUSDT 2024-11 OK(180)
  BTCUSDT 2024-12 OK(186)
=== ETH futures 4H ===
  ETHUSDT 2020-01 OK(186)
  ETHUSDT 2020-02 OK(174)
  ETHUSDT 2020-03 OK(186)
  ETHUSDT 2020-04 OK(180)
  ETHUSDT 2020-05 OK(186)
  ETHUSDT 2020-06 OK(180)
  ETHUSDT 2020-07 OK(186)
  ETHUSDT 2020-08 OK(186)
  ETHUSDT 2020-09 OK(180)
  ETHUSDT 2020-10 OK(186)
  ETHUSDT 2020-11 OK(180)
  ETHUSDT 2020-12 OK(186)
  ETHUSDT 2021-01 OK(186)
  ETHUSDT 2021-02 OK(168)
  ETHUSDT 2021-03 OK(186)
  ETHUSDT 2021-04 OK(180)
  ETHUSDT 2021-05 OK(186)
  ETHUSDT 2021-06 OK(180)
  ETHUSDT 2021-07 OK(186)
  ETHUSDT 2021-08 OK(186)
  ETHUSDT 2021-09 OK(180)
  ETHUSDT 2021-10 OK(186)
  ETHUSDT 2021-11 OK(180)
  ETHUSDT 2021-12 OK(186)
  ETHUSDT 2022-01 OK(186)
  ETHUSDT 2022-02 OK(168)
  ETHUSDT 2022-03 OK(186)
  ETHUSDT 2022-04 OK(180)
  ETHUSDT 2022-05 OK(186)
  ETHUSDT 2022-06 OK(180)
  ETHUSDT 2022-07 OK(186)
  ETHUSDT 2022-08 OK(186)
  ETHUSDT 2022-09 OK(180)
  ETHUSDT 2022-10 OK(186)
  ETHUSDT 2022-11 OK(180)
  ETHUSDT 2022-12 OK(186)
  ETHUSDT 2023-01 OK(186)
  ETHUSDT 2023-02 OK(168)
  ETHUSDT 2023-03 OK(186)
  ETHUSDT 2023-04 OK(180)
  ETHUSDT 2023-05 OK(186)
  ETHUSDT 2023-06 OK(180)
  ETHUSDT 2023-07 OK(186)
  ETHUSDT 2023-08 OK(186)
  ETHUSDT 2023-09 OK(180)
  ETHUSDT 2023-10 OK(186)
  ETHUSDT 2023-11 OK(180)
  ETHUSDT 2023-12 OK(186)
  ETHUSDT 2024-01 OK(186)
  ETHUSDT 2024-02 OK(174)
  ETHUSDT 2024-03 OK(186)
  ETHUSDT 2024-04 OK(180)
  ETHUSDT 2024-05 OK(186)
  ETHUSDT 2024-06 OK(180)
  ETHUSDT 2024-07 OK(186)
  ETHUSDT 2024-08 OK(186)
  ETHUSDT 2024-09 OK(180)
  ETHUSDT 2024-10 OK(186)
  ETHUSDT 2024-11 OK(180)
  ETHUSDT 2024-12 OK(186)
BTCUSDT: 10829 rows, basis mean=-0.0027%
ETHUSDT: 10829 rows, basis mean=0.0054%
DONE C2: {"BTCUSDT": {"mean": -0.0027, "median": -0.0284, "p5": -0.0658, "p95": 0.1123, "n_neg_extreme": 0, "rows": 10829}, "ETHUSDT": {"mean": 0.0054, "median": -0.0227, "p5": -0.0672, "p95": 0.1331, "n_neg_extreme": 1, "rows": 10829}}
